// Jest Snapshot v1, https://goo.gl/fbAQLP

exports[` 1`] = `
<footer
  className="footer"
  data-test="FooterComponent"
  id="contact"
>
  <div
    className="col-sm-auto fade-in-bottom"
  >
    <a
      className="btn btn--light mb-4"
      data-test="ButtonComponent"
      href="#"
    >
      Contact me
    </a>
    <ul
      className="d-flex flex-row justify-content-center mb-4"
      data-test="SocialComponent"
    >
      <li
        className="pl-2 pr-2"
      >
        <a
          href="#"
        >
          <svg
            className="icon icon-github-square-brands "
            data-test="IconComponent"
          >
            <use
              xlinkHref="#.github-square-brands"
            />
          </svg>
        </a>
      </li>
      <li
        className="pl-2 pr-2"
      >
        <a
          href="#"
        >
          <svg
            className="icon icon-linkedin-brands "
            data-test="IconComponent"
          >
            <use
              xlinkHref="#.linkedin-brands"
            />
          </svg>
        </a>
      </li>
    </ul>
    <p
      className="footer__copyright"
    >
      Kevin Snijders Â© 
      2019
       all rights reserved
    </p>
    <div
      className="footer__back-to-top"
    >
      <a
        href="#top"
      >
        <svg
          className="icon icon-keyboard_arrow_up bounce"
          data-test="IconComponent"
        >
          <use
            xlinkHref="#.keyboard_arrow_up"
          />
        </svg>
      </a>
    </div>
  </div>
</footer>
`;
